src/__tests__/integration/module-to-module.communication.test.ts(101,15): error TS2554: Expected 2 arguments, but got 1.
src/__tests__/integration/module-to-module.communication.test.ts(175,9): error TS2353: Object literal may only specify known properties, and 'taskId' does not exist in type 'A2AHandshakeRequest'.
src/__tests__/integration/module-to-module.communication.test.ts(379,48): error TS2554: Expected 1 arguments, but got 2.
src/__tests__/integration/module-to-module.communication.test.ts(385,45): error TS2345: Argument of type 'string[]' is not assignable to parameter of type 'string'.
src/__tests__/integration/module-to-module.communication.test.ts(396,45): error TS2554: Expected 1 arguments, but got 2.
src/__tests__/integration/module-to-module.communication.test.ts(449,9): error TS2353: Object literal may only specify known properties, and 'taskId' does not exist in type 'A2AHandshakeRequest'.
src/__tests__/integration/module-to-module.communication.test.ts(463,46): error TS2554: Expected 2 arguments, but got 1.
src/__tests__/integration/module-to-module.communication.test.ts(469,28): error TS2339: Property 'addParticipant' does not exist on type 'SwarmSessionManager'.
src/__tests__/integration/module-to-module.communication.test.ts(481,9): error TS2353: Object literal may only specify known properties, and 'taskId' does not exist in type 'A2AHandshakeRequest'.
src/__tests__/integration/module-to-module.communication.test.ts(508,28): error TS2339: Property 'store' does not exist on type 'EpisodicMemoryStore'.
src/__tests__/multimodal/accuracy.validation.test.ts(329,59): error TS2345: Argument of type '{ command: string; }' is not assignable to parameter of type 'string'.
src/__tests__/multimodal/accuracy.validation.test.ts(353,51): error TS2345: Argument of type '{ question: string; }' is not assignable to parameter of type 'string'.
src/__tests__/multimodal/accuracy.validation.test.ts(380,73): error TS2559: Type '{ image: Buffer<ArrayBuffer>; }' has no properties in common with type 'MultimodalRequest'.
src/__tests__/multimodal/accuracy.validation.test.ts(411,70): error TS2559: Type '{ image: Buffer<ArrayBuffer>; audio: Buffer<ArrayBuffer>; }' has no properties in common with type 'MultimodalRequest'.
src/__tests__/multimodal/accuracy.validation.test.ts(440,64): error TS2345: Argument of type '{ command: string; }' is not assignable to parameter of type 'string'.
src/__tests__/multimodal/accuracy.validation.test.ts(463,64): error TS2345: Argument of type '{ command: string; }' is not assignable to parameter of type 'string'.
src/__tests__/multimodal/accuracy.validation.test.ts(565,51): error TS7053: Element implicitly has an 'any' type because expression of type '"min"' can't be used to index type 'number | { min: number; max?: number | undefined; }'.
  Property 'min' does not exist on type 'number | { min: number; max?: number | undefined; }'.
src/__tests__/multimodal/benchmark.report.test.ts(6,10): error TS2305: Module '"../../multimodal/types.ts"' has no exported member 'MultimodalConfig'.
src/__tests__/multimodal/benchmark.report.test.ts(303,63): error TS2345: Argument of type '{ command: string; }' is not assignable to parameter of type 'string'.
src/__tests__/multimodal/benchmark.report.test.ts(315,55): error TS2345: Argument of type '{ question: string; }' is not assignable to parameter of type 'string'.
src/__tests__/multimodal/benchmark.report.test.ts(383,62): error TS2559: Type '{ image: Buffer<ArrayBuffer>; }' has no properties in common with type 'MultimodalRequest'.
src/__tests__/multimodal/benchmark.report.test.ts(394,59): error TS2559: Type '{ image: Buffer<ArrayBuffer>; audio: Buffer<ArrayBuffer>; }' has no properties in common with type 'MultimodalRequest'.
src/__tests__/multimodal/context-preservation.test.ts(4,10): error TS2305: Module '"../../multimodal/types.ts"' has no exported member 'MultimodalConfig'.
src/__tests__/multimodal/context-preservation.test.ts(187,70): error TS2559: Type '{ image: Buffer<ArrayBuffer>; audio: Buffer<ArrayBuffer>; }' has no properties in common with type 'MultimodalRequest'.
src/__tests__/multimodal/context-preservation.test.ts(266,70): error TS2559: Type '{ image: Buffer<ArrayBuffer>; audio: Buffer<ArrayBuffer>; }' has no properties in common with type 'MultimodalRequest'.
src/__tests__/multimodal/error-handling.test.ts(181,21): error TS2339: Property 'image' does not exist on type 'MultimodalResponse'.
src/__tests__/multimodal/latency.benchmark.test.ts(6,10): error TS2305: Module '"../../multimodal/types.ts"' has no exported member 'MultimodalConfig'.
src/__tests__/multimodal/latency.benchmark.test.ts(209,11): error TS2322: Type 'string' is not assignable to type 'number'.
src/__tests__/multimodal/latency.benchmark.test.ts(394,73): error TS2559: Type '{ image: Buffer<ArrayBuffer>; }' has no properties in common with type 'MultimodalRequest'.
src/__tests__/multimodal/latency.benchmark.test.ts(420,11): error TS2322: Type 'string' is not assignable to type 'number'.
src/__tests__/multimodal/latency.benchmark.test.ts(451,70): error TS2559: Type '{ image: Buffer<ArrayBuffer>; audio: Buffer<ArrayBuffer>; }' has no properties in common with type 'MultimodalRequest'.
src/__tests__/multimodal/latency.benchmark.test.ts(468,11): error TS2322: Type 'string' is not assignable to type 'number'.
src/__tests__/multimodal/latency.benchmark.test.ts(517,60): error TS2559: Type '{ image: Buffer<ArrayBuffer>; }' has no properties in common with type 'MultimodalRequest'.
src/__tests__/multimodal/latency.benchmark.test.ts(544,68): error TS2559: Type '{ image: Buffer<ArrayBuffer>; }' has no properties in common with type 'MultimodalRequest'.
src/__tests__/multimodal/latency.benchmark.test.ts(599,74): error TS2345: Argument of type '{ image: Buffer<ArrayBuffer>; audio?: undefined; } | { audio: Buffer<ArrayBuffer>; image?: undefined; } | { image: Buffer<ArrayBuffer>; audio: Buffer<...>; }' is not assignable to parameter of type 'MultimodalRequest'.
  Type '{ image: Buffer<ArrayBuffer>; audio?: undefined; }' has no properties in common with type 'MultimodalRequest'.
src/__tests__/multimodal/multimodal-coordination.test.ts(267,59): error TS2339: Property 'image' does not exist on type '{ imageData: Buffer<ArrayBuffer>; }'.
src/__tests__/multimodal/performance.test.ts(6,10): error TS2305: Module '"../../multimodal/types.ts"' has no exported member 'MultimodalConfig'.
src/__tests__/multimodal/performance.test.ts(98,73): error TS2559: Type '{ image: Buffer<ArrayBuffer>; }' has no properties in common with type 'MultimodalRequest'.
src/__tests__/multimodal/performance.test.ts(170,74): error TS2345: Argument of type '{ image: Buffer<ArrayBuffer>; audio?: undefined; } | { audio: Buffer<ArrayBuffer>; image?: undefined; } | { image: Buffer<ArrayBuffer>; audio: Buffer<...>; }' is not assignable to parameter of type 'MultimodalRequest'.
  Type '{ image: Buffer<ArrayBuffer>; audio?: undefined; }' has no properties in common with type 'MultimodalRequest'.
src/__tests__/multimodal/performance.test.ts(196,68): error TS2559: Type '{ image: Buffer<ArrayBuffer>; }' has no properties in common with type 'MultimodalRequest'.
src/__tests__/multimodal/performance.test.ts(229,76): error TS2559: Type '{ image: Buffer<ArrayBuffer>; audio: Buffer<ArrayBuffer>; }' has no properties in common with type 'MultimodalRequest'.
src/__tests__/multimodal/performance.test.ts(252,73): error TS2559: Type '{ image: Buffer<ArrayBuffer>; }' has no properties in common with type 'MultimodalRequest'.
src/__tests__/multimodal/performance.test.ts(269,65): error TS2559: Type '{ image: Buffer<ArrayBuffer>; }' has no properties in common with type 'MultimodalRequest'.
src/__tests__/multimodal/performance.test.ts(305,71): error TS2559: Type '{ image: Buffer<ArrayBuffer>; audio: Buffer<ArrayBuffer>; }' has no properties in common with type 'MultimodalRequest'.
src/__tests__/multimodal/performance.test.ts(330,74): error TS2559: Type '{ image: Buffer<ArrayBuffer>; }' has no properties in common with type 'MultimodalRequest'.
src/__tests__/multimodal/production.readiness.test.ts(6,10): error TS2305: Module '"../../multimodal/types.ts"' has no exported member 'MultimodalConfig'.
src/__tests__/multimodal/uat.scenarios.test.ts(6,10): error TS2305: Module '"../../multimodal/types.ts"' has no exported member 'MultimodalConfig'.
src/__tests__/multimodal/vision-voice.test.ts(114,73): error TS2559: Type '{ image: Buffer<ArrayBuffer>; }' has no properties in common with type 'MultimodalRequest'.
src/__tests__/multimodal/vision-voice.test.ts(117,21): error TS2339: Property 'image' does not exist on type 'MultimodalResponse'.
src/__tests__/multimodal/vision-voice.test.ts(137,73): error TS2559: Type '{ audio: Buffer<ArrayBuffer>; }' has no properties in common with type 'MultimodalRequest'.
src/__tests__/multimodal/vision-voice.test.ts(140,21): error TS2339: Property 'audio' does not exist on type 'MultimodalResponse'.
src/__tests__/multimodal/vision-voice.test.ts(156,73): error TS2559: Type '{ image: Buffer<ArrayBuffer>; audio: Buffer<ArrayBuffer>; }' has no properties in common with type 'MultimodalRequest'.
src/__tests__/multimodal/vision-voice.test.ts(160,21): error TS2339: Property 'image' does not exist on type 'MultimodalResponse'.
src/__tests__/multimodal/vision-voice.test.ts(161,21): error TS2339: Property 'audio' does not exist on type 'MultimodalResponse'.
src/__tests__/multimodal/vision-voice.test.ts(173,65): error TS2559: Type '{ image: Buffer<ArrayBuffer>; }' has no properties in common with type 'MultimodalRequest'.
src/__tests__/multimodal/vision-voice.test.ts(197,73): error TS2559: Type '{ image: Buffer<ArrayBuffer>; audio: Buffer<ArrayBuffer>; }' has no properties in common with type 'MultimodalRequest'.
src/__tests__/multimodal/vision-voice.test.ts(200,21): error TS2339: Property 'audio' does not exist on type 'MultimodalResponse'.
src/__tests__/multimodal/vision-voice.test.ts(215,73): error TS2559: Type '{ image: Buffer<ArrayBuffer>; }' has no properties in common with type 'MultimodalRequest'.
src/__tests__/observability/roi-flywheel.test.ts(24,7): error TS2353: Object literal may only specify known properties, and 'enableMetrics' does not exist in type 'Partial<ROIConfig>'.
src/__tests__/observability/roi-flywheel.test.ts(39,20): error TS2341: Property 'trackTaskCompletion' is private and only accessible within class 'ROIDashboard'.
src/__tests__/observability/roi-flywheel.test.ts(57,20): error TS2341: Property 'trackTaskCompletion' is private and only accessible within class 'ROIDashboard'.
src/__tests__/observability/roi-flywheel.test.ts(75,20): error TS2341: Property 'trackHandoffAvoided' is private and only accessible within class 'ROIDashboard'.
src/__tests__/observability/roi-flywheel.test.ts(75,40): error TS2345: Argument of type 'number' is not assignable to parameter of type 'string'.
src/__tests__/observability/roi-flywheel.test.ts(76,20): error TS2341: Property 'trackHandoffAvoided' is private and only accessible within class 'ROIDashboard'.
src/__tests__/observability/roi-flywheel.test.ts(76,40): error TS2345: Argument of type 'number' is not assignable to parameter of type 'string'.
src/__tests__/observability/roi-flywheel.test.ts(77,20): error TS2341: Property 'trackHandoffAvoided' is private and only accessible within class 'ROIDashboard'.
src/__tests__/observability/roi-flywheel.test.ts(77,40): error TS2345: Argument of type 'number' is not assignable to parameter of type 'string'.
src/__tests__/observability/roi-flywheel.test.ts(89,20): error TS2341: Property 'trackBugPrevented' is private and only accessible within class 'ROIDashboard'.
src/__tests__/observability/roi-flywheel.test.ts(90,20): error TS2341: Property 'trackBugPrevented' is private and only accessible within class 'ROIDashboard'.
src/__tests__/observability/roi-flywheel.test.ts(91,20): error TS2341: Property 'trackBugPrevented' is private and only accessible within class 'ROIDashboard'.
src/__tests__/observability/roi-flywheel.test.ts(115,22): error TS2341: Property 'trackTaskCompletion' is private and only accessible within class 'ROIDashboard'.
src/__tests__/observability/roi-flywheel.test.ts(119,20): error TS2341: Property 'trackHandoffAvoided' is private and only accessible within class 'ROIDashboard'.
src/__tests__/observability/roi-flywheel.test.ts(119,40): error TS2345: Argument of type 'number' is not assignable to parameter of type 'string'.
src/__tests__/observability/roi-flywheel.test.ts(120,20): error TS2341: Property 'trackBugPrevented' is private and only accessible within class 'ROIDashboard'.
src/__tests__/observability/roi-flywheel.test.ts(121,20): error TS2341: Property 'trackBugPrevented' is private and only accessible within class 'ROIDashboard'.
src/__tests__/observability/roi-flywheel.test.ts(171,22): error TS2341: Property 'trackTaskCompletion' is private and only accessible within class 'ROIDashboard'.
src/__tests__/observability/roi-flywheel.test.ts(199,20): error TS2341: Property 'trackTaskCompletion' is private and only accessible within class 'ROIDashboard'.
src/__tests__/observability/roi-flywheel.test.ts(217,22): error TS2341: Property 'trackTaskCompletion' is private and only accessible within class 'ROIDashboard'.
src/__tests__/observability/roi-flywheel.test.ts(234,22): error TS2341: Property 'trackTaskCompletion' is private and only accessible within class 'ROIDashboard'.
src/__tests__/observability/roi-flywheel.test.ts(250,20): error TS2341: Property 'trackTaskCompletion' is private and only accessible within class 'ROIDashboard'.
src/__tests__/observability/roi-flywheel.test.ts(264,20): error TS2341: Property 'trackHandoffAvoided' is private and only accessible within class 'ROIDashboard'.
src/__tests__/observability/roi-flywheel.test.ts(264,40): error TS2345: Argument of type 'number' is not assignable to parameter of type 'string'.
src/__tests__/observability/roi-flywheel.test.ts(265,20): error TS2341: Property 'trackHandoffAvoided' is private and only accessible within class 'ROIDashboard'.
src/__tests__/observability/roi-flywheel.test.ts(265,40): error TS2345: Argument of type 'number' is not assignable to parameter of type 'string'.
src/__tests__/observability/roi-flywheel.test.ts(266,20): error TS2341: Property 'trackHandoffAvoided' is private and only accessible within class 'ROIDashboard'.
src/__tests__/observability/roi-flywheel.test.ts(266,40): error TS2345: Argument of type 'number' is not assignable to parameter of type 'string'.
src/__tests__/observability/roi-flywheel.test.ts(281,22): error TS2341: Property 'trackTaskCompletion' is private and only accessible within class 'ROIDashboard'.
src/__tests__/observability/roi-flywheel.test.ts(305,20): error TS2341: Property 'trackTaskCompletion' is private and only accessible within class 'ROIDashboard'.
src/__tests__/observability/roi-flywheel.test.ts(306,20): error TS2341: Property 'trackTaskCompletion' is private and only accessible within class 'ROIDashboard'.
src/__tests__/observability/roi-flywheel.test.ts(307,20): error TS2341: Property 'trackTaskCompletion' is private and only accessible within class 'ROIDashboard'.
src/__tests__/observability/roi-flywheel.test.ts(308,20): error TS2341: Property 'trackTaskCompletion' is private and only accessible within class 'ROIDashboard'.
src/__tests__/observability/roi-flywheel.test.ts(338,24): error TS2341: Property 'trackTaskCompletion' is private and only accessible within class 'ROIDashboard'.
src/__tests__/observability/roi-flywheel.test.ts(371,11): error TS2353: Object literal may only specify known properties, and 'enableMetrics' does not exist in type 'Partial<ROIConfig>'.
src/__tests__/observability/roi-flywheel.test.ts(376,25): error TS2341: Property 'trackTaskCompletion' is private and only accessible within class 'ROIDashboard'.
src/__tests__/observability/roi-flywheel.test.ts(400,22): error TS2341: Property 'trackTaskCompletion' is private and only accessible within class 'ROIDashboard'.
src/__tests__/observability/roi-flywheel.test.ts(421,22): error TS2341: Property 'trackTaskCompletion' is private and only accessible within class 'ROIDashboard'.
src/__tests__/orchestrator/handshake.integration.test.ts(12,10): error TS2724: '"../../orchestrator/handshake.ts"' has no exported member named 'HandshakeSystem'. Did you mean 'HandshakeState'?
src/__tests__/orchestrator/handshake.integration.test.ts(93,26): error TS2345: Argument of type '"handshake.completed"' is not assignable to parameter of type 'keyof LAPAEventMap'.
src/__tests__/orchestrator/llm-judge.integration.test.ts(41,31): error TS2353: Object literal may only specify known properties, and 'memoriEngine' does not exist in type 'Partial<LLMJudgeConfig>'.
src/__tests__/orchestrator/llm-judge.integration.test.ts(50,39): error TS2339: Property 'makeDecision' does not exist on type 'LLMJudge'.
src/__tests__/orchestrator/llm-judge.integration.test.ts(68,11): error TS2353: Object literal may only specify known properties, and 'agentId' does not exist in type 'EnhancedEntity'.
src/__tests__/orchestrator/llm-judge.integration.test.ts(75,39): error TS2339: Property 'makeDecision' does not exist on type 'LLMJudge'.
src/__tests__/orchestrator/llm-judge.integration.test.ts(88,22): error TS2339: Property 'makeDecision' does not exist on type 'LLMJudge'.
src/__tests__/orchestrator/llm-judge.integration.test.ts(104,26): error TS2345: Argument of type '"llm.judge.request"' is not assignable to parameter of type 'keyof LAPAEventMap'.
src/__tests__/orchestrator/llm-judge.integration.test.ts(123,29): error TS2339: Property 'makeDecision' does not exist on type 'LLMJudge'.
src/__tests__/orchestrator/llm-judge.integration.test.ts(124,29): error TS2339: Property 'makeDecision' does not exist on type 'LLMJudge'.
src/__tests__/orchestrator/llm-judge.integration.test.ts(128,29): error TS2339: Property 'makeDecision' does not exist on type 'LLMJudge'.
src/__tests__/orchestrator/llm-judge.integration.test.ts(140,29): error TS2339: Property 'makeDecision' does not exist on type 'LLMJudge'.
src/__tests__/orchestrator/phase-reporter.integration.test.ts(53,41): error TS2353: Object literal may only specify known properties, and 'memoriEngine' does not exist in type 'PhaseReporterConfig'.
src/__tests__/orchestrator/phase-reporter.integration.test.ts(80,27): error TS2554: Expected 3 arguments, but got 1.
src/__tests__/orchestrator/phase-reporter.integration.test.ts(100,43): error TS2554: Expected 3 arguments, but got 1.
src/__tests__/orchestrator/phase-reporter.integration.test.ts(110,29): error TS2339: Property 'store' does not exist on type 'EpisodicMemoryStore'.
src/__tests__/orchestrator/phase-reporter.integration.test.ts(115,9): error TS2739: Type '{ id: string; agentId: string; taskId: string; content: string; importance: number; timestamp: Date; tags: string[]; }' is missing the following properties from type 'Episode': sessionId, context, relatedEpisodes, accessCount, lastAccessed
src/__tests__/orchestrator/phase-reporter.integration.test.ts(126,43): error TS2339: Property 'getPhaseHistory' does not exist on type 'PhaseReporter'.
src/__tests__/orchestrator/phase-reporter.integration.test.ts(134,32): error TS2345: Argument of type '"store"' is not assignable to parameter of type 'keyof EpisodicMemoryStore'.
src/__tests__/orchestrator/phase-reporter.integration.test.ts(138,34): error TS2554: Expected 3 arguments, but got 1.
src/__tests__/orchestrator/phase-reporter.integration.test.ts(151,34): error TS2554: Expected 3 arguments, but got 1.
src/__tests__/orchestrator/prompt-engineer.integration.test.ts(12,10): error TS2724: '"../../orchestrator/prompt-engineer.ts"' has no exported member named 'PromptEngineer'. Did you mean 'promptEngineer'?
src/__tests__/orchestrator/prompt-engineer.integration.test.ts(65,11): error TS2353: Object literal may only specify known properties, and 'agentId' does not exist in type 'EnhancedEntity'.
src/__tests__/orchestrator/prompt-engineer.integration.test.ts(114,30): error TS2339: Property 'learnFromInteraction' does not exist on type 'SelfImprovementSystem'.
src/__tests__/orchestrator/prompt-engineer.integration.test.ts(157,26): error TS2345: Argument of type '"prompt.feedback"' is not assignable to parameter of type 'keyof LAPAEventMap'.
src/__tests__/orchestrator/prompt-engineer.integration.test.ts(187,33): error TS2345: Argument of type '"learnFromInteraction"' is not assignable to parameter of type 'keyof SelfImprovementSystem'.
src/__tests__/orchestrator/skill-manager.integration.test.ts(14,10): error TS2305: Module '"../../marketplace/registry.ts"' has no exported member 'SkillRegistry'.
src/__tests__/orchestrator/skill-manager.integration.test.ts(46,39): error TS2353: Object literal may only specify known properties, and 'skillRegistry' does not exist in type 'Partial<SkillManagerConfig>'.
src/__tests__/orchestrator/skill-manager.integration.test.ts(63,40): error TS2345: Argument of type '{ id: string; name: string; description: string; version: string; capabilities: string[]; }' is not assignable to parameter of type 'SkillMetadata'.
  Type '{ id: string; name: string; description: string; version: string; capabilities: string[]; }' is missing the following properties from type 'SkillMetadata': category, inputs, outputs
src/__tests__/orchestrator/skill-manager.integration.test.ts(78,40): error TS2345: Argument of type '{ id: string; name: string; description: string; version: string; capabilities: string[]; }' is not assignable to parameter of type 'SkillMetadata'.
  Type '{ id: string; name: string; description: string; version: string; capabilities: string[]; }' is missing the following properties from type 'SkillMetadata': category, inputs, outputs
src/__tests__/orchestrator/skill-manager.integration.test.ts(79,47): error TS2345: Argument of type '{ id: string; name: string; description: string; version: string; capabilities: string[]; }' is not assignable to parameter of type 'SkillMetadata'.
  Type '{ id: string; name: string; description: string; version: string; capabilities: string[]; }' is missing the following properties from type 'SkillMetadata': category, inputs, outputs
src/__tests__/orchestrator/skill-manager.integration.test.ts(88,14): error TS18048: 'skill' is possibly 'undefined'.
src/__tests__/orchestrator/skill-manager.integration.test.ts(93,41): error TS2339: Property 'listSkills' does not exist on type 'SkillManager'.
src/__tests__/orchestrator/skill-manager.integration.test.ts(107,9): error TS2353: Object literal may only specify known properties, and 'capabilities' does not exist in type 'SkillMetadata'.
src/__tests__/orchestrator/skill-manager.integration.test.ts(119,26): error TS2345: Argument of type '"skill.acquired"' is not assignable to parameter of type 'keyof LAPAEventMap'.
src/__tests__/orchestrator/skill-manager.integration.test.ts(158,9): error TS2353: Object literal may only specify known properties, and 'capabilities' does not exist in type 'SkillMetadata'.
src/__tests__/orchestrator/visual-feedback.integration.test.ts(41,49): error TS2353: Object literal may only specify known properties, and 'memoriEngine' does not exist in type 'Partial<VisualFeedbackConfig>'.
src/__tests__/orchestrator/visual-feedback.integration.test.ts(69,28): error TS2339: Property 'recordFeedback' does not exist on type 'VisualFeedbackSystem'.
src/__tests__/orchestrator/visual-feedback.integration.test.ts(94,28): error TS2339: Property 'recordFeedback' does not exist on type 'VisualFeedbackSystem'.
src/__tests__/orchestrator/visual-feedback.integration.test.ts(105,11): error TS2353: Object literal may only specify known properties, and 'agentId' does not exist in type 'EnhancedEntity'.
src/__tests__/orchestrator/visual-feedback.integration.test.ts(112,44): error TS2339: Property 'getFeedbackHistory' does not exist on type 'VisualFeedbackSystem'.
src/__tests__/orchestrator/visual-feedback.integration.test.ts(124,35): error TS2339: Property 'getFeedbackHistory' does not exist on type 'VisualFeedbackSystem'.
src/__tests__/orchestrator/visual-feedback.integration.test.ts(132,35): error TS2339: Property 'recordFeedback' does not exist on type 'VisualFeedbackSystem'.
src/__tests__/orchestrator/visual-feedback.integration.test.ts(143,28): error TS2339: Property 'recordFeedback' does not exist on type 'VisualFeedbackSystem'.
src/__tests__/orchestrator/visual-feedback.integration.test.ts(150,28): error TS2339: Property 'recordFeedback' does not exist on type 'VisualFeedbackSystem'.
src/__tests__/orchestrator/visual-feedback.integration.test.ts(157,47): error TS2339: Property 'getAggregatedFeedback' does not exist on type 'VisualFeedbackSystem'.
src/__tests__/premium/team.state.test.ts(315,56): error TS2554: Expected 1-2 arguments, but got 3.
src/__tests__/security/comprehensive.audit.test.ts(74,26): error TS2551: Property 'checkPermission' does not exist on type 'RBACSystem'. Did you mean 'hasPermission'?
src/__tests__/security/comprehensive.audit.test.ts(127,20): error TS2551: Property 'checkPermission' does not exist on type 'RBACSystem'. Did you mean 'hasPermission'?
src/__tests__/security/comprehensive.audit.test.ts(132,20): error TS2551: Property 'checkPermission' does not exist on type 'RBACSystem'. Did you mean 'hasPermission'?
src/__tests__/security/comprehensive.audit.test.ts(154,25): error TS2551: Property 'checkPermission' does not exist on type 'RBACSystem'. Did you mean 'hasPermission'?
src/__tests__/security/comprehensive.audit.test.ts(155,25): error TS2551: Property 'checkPermission' does not exist on type 'RBACSystem'. Did you mean 'hasPermission'?
src/__tests__/security/comprehensive.audit.test.ts(156,25): error TS2551: Property 'checkPermission' does not exist on type 'RBACSystem'. Did you mean 'hasPermission'?
src/__tests__/security/comprehensive.audit.test.ts(159,25): error TS2551: Property 'checkPermission' does not exist on type 'RBACSystem'. Did you mean 'hasPermission'?
src/__tests__/security/comprehensive.audit.test.ts(160,25): error TS2551: Property 'checkPermission' does not exist on type 'RBACSystem'. Did you mean 'hasPermission'?
src/__tests__/security/multi-layer.integration.test.ts(62,46): error TS2551: Property 'checkPermission' does not exist on type 'RBACSystem'. Did you mean 'hasPermission'?
src/__tests__/security/multi-layer.integration.test.ts(96,40): error TS2551: Property 'checkPermission' does not exist on type 'RBACSystem'. Did you mean 'hasPermission'?
src/__tests__/security/multi-layer.integration.test.ts(300,36): error TS2551: Property 'checkPermission' does not exist on type 'RBACSystem'. Did you mean 'hasPermission'?
src/__tests__/security/multi-layer.integration.test.ts(301,36): error TS2551: Property 'checkPermission' does not exist on type 'RBACSystem'. Did you mean 'hasPermission'?
src/__tests__/security/multi-layer.integration.test.ts(346,36): error TS2551: Property 'checkPermission' does not exist on type 'RBACSystem'. Did you mean 'hasPermission'?
src/__tests__/swarm/a2a-comprehensive.communication.test.ts(77,9): error TS2353: Object literal may only specify known properties, and 'taskId' does not exist in type 'A2AHandshakeRequest'.
src/__tests__/swarm/a2a-comprehensive.communication.test.ts(236,11): error TS2322: Type 'string' is not assignable to type 'number'.
src/__tests__/swarm/a2a-comprehensive.communication.test.ts(256,11): error TS2322: Type 'string' is not assignable to type 'number'.
src/__tests__/swarm/a2a-comprehensive.communication.test.ts(285,11): error TS2322: Type 'string' is not assignable to type 'number'.
src/__tests__/swarm/a2a-comprehensive.communication.test.ts(297,11): error TS2322: Type 'string' is not assignable to type 'number'.
src/__tests__/swarm/a2a-comprehensive.communication.test.ts(440,14): error TS2552: Cannot find name 'response'. Did you mean 'Response'?
src/__tests__/swarm/a2a-comprehensive.communication.test.ts(440,34): error TS2552: Cannot find name 'response'. Did you mean 'Response'?
src/__tests__/swarm/a2a-comprehensive.communication.test.ts(492,11): error TS2322: Type 'string' is not assignable to type 'number'.
src/__tests__/swarm/a2a-comprehensive.communication.test.ts(583,9): error TS2353: Object literal may only specify known properties, and 'taskId' does not exist in type 'A2AHandshakeRequest'.
src/__tests__/swarm/message-handlers.test.ts(108,43): error TS2554: Expected 2 arguments, but got 1.
src/__tests__/swarm/message-handlers.test.ts(121,13): error TS2741: Property 'priority' is missing in type '{ id: string; description: string; type: string; }' but required in type 'Task'.
src/__tests__/swarm/message-handlers.test.ts(153,13): error TS2741: Property 'priority' is missing in type '{ id: string; description: string; type: string; }' but required in type 'Task'.
src/__tests__/swarm/message-handlers.test.ts(190,13): error TS2741: Property 'priority' is missing in type '{ id: string; description: string; type: string; }' but required in type 'Task'.
src/agents/agent-mode-extension.ts(215,11): error TS2801: This condition will always return true since this 'Promise<any>' is always defined.
src/agents/agent-mode-extension.ts(243,11): error TS2801: This condition will always return true since this 'Promise<any>' is always defined.
src/agents/feature-sandbox.manager.ts(188,33): error TS2339: Property 'store' does not exist on type 'MemoriEngine'.
src/agents/feature-sandbox.tool.ts(26,7): error TS2345: Argument of type '"utility"' is not assignable to parameter of type 'AgentToolType'.
src/agents/filesystem-persona-loader.ts(316,11): error TS2801: This condition will always return true since this 'Promise<any>' is always defined.
src/agents/hybrid-persona-generator.ts(168,13): error TS2352: Conversion of type 'Promise<any> & Record<"sections", unknown>' to type 'EnhancedPersona' may be a mistake because neither type sufficiently overlaps with the other. If this was intentional, convert the expression to 'unknown' first.
  Type 'Promise<any> & Record<"sections", unknown>' is missing the following properties from type 'EnhancedPersona': id, name, personality, communicationStyle, and 4 more.
src/agents/hybrid-persona-generator.ts(169,13): error TS2352: Conversion of type '{ sections: {}; metadata: {}; then<TResult1 = any, TResult2 = never>(onfulfilled?: ((value: any) => TResult1 | PromiseLike<TResult1>) | null | undefined, onrejected?: ((reason: any) => TResult2 | PromiseLike<...>) | null | undefined): Promise<...>; catch<TResult = never>(onrejected?: ((reason: any) => TResult | Prom...' to type 'EnhancedPersona' may be a mistake because neither type sufficiently overlaps with the other. If this was intentional, convert the expression to 'unknown' first.
  Type '{ sections: {}; metadata: {}; then<TResult1 = any, TResult2 = never>(onfulfilled?: ((value: any) => TResult1 | PromiseLike<TResult1>) | null | undefined, onrejected?: ((reason: any) => TResult2 | PromiseLike<...>) | null | undefined): Promise<...>; catch<TResult = never>(onrejected?: ((reason: any) => TResult | Prom...' is missing the following properties from type 'EnhancedPersona': id, name, personality, communicationStyle, and 4 more.
src/agents/hybrid-persona-generator.ts(443,35): error TS18048: 'i' is possibly 'undefined'.
src/agents/hybrid-persona-generator.ts(444,38): error TS18048: 'i' is possibly 'undefined'.
src/agents/hybrid-persona-generator.ts(446,31): error TS18048: 'i' is possibly 'undefined'.
src/agents/hybrid-persona-generator.ts(506,13): error TS2353: Object literal may only specify known properties, and '_toonOptimized' does not exist in type '{ version?: string | undefined; lastUpdated?: string | undefined; status?: "ACTIVE" | "DEPRECATED" | "DRAFT" | undefined; project?: string | undefined; role?: string | undefined; }'.
src/agents/hybrid-persona-generator.ts(539,32): error TS2339: Property 'map' does not exist on type 'Promise<any[] | Persona[]>'.
src/agents/hybrid-persona-generator.ts(539,36): error TS7006: Parameter 'persona' implicitly has an 'any' type.
src/agents/hybrid-persona-generator.ts(540,53): error TS7006: Parameter 'area' implicitly has an 'any' type.
src/agents/hybrid-persona-generator.ts(550,15): error TS7006: Parameter 's' implicitly has an 'any' type.
src/agents/hybrid-persona-generator.ts(551,14): error TS7006: Parameter 'a' implicitly has an 'any' type.
src/agents/hybrid-persona-generator.ts(551,17): error TS7006: Parameter 'b' implicitly has an 'any' type.
src/agents/hybrid-persona-generator.ts(553,12): error TS7006: Parameter 's' implicitly has an 'any' type.
src/agents/persona-bridge.ts(118,5): error TS2740: Type 'Promise<any>' is missing the following properties from type 'Persona': id, name, personality, communicationStyle, and 4 more.
src/agents/persona-bridge.ts(141,23): error TS2339: Property 'some' does not exist on type 'Promise<any[] | Persona[]>'.
src/agents/persona-bridge.ts(141,28): error TS7006: Parameter 'rp' implicitly has an 'any' type.
src/agents/persona-bridge.ts(145,7): error TS2740: Type 'Promise<any[] | Persona[]>' is missing the following properties from type 'Persona[]': length, pop, push, concat, and 29 more.
src/agents/persona-bridge.ts(156,24): error TS2345: Argument of type '"persona.evolved"' is not assignable to parameter of type 'keyof LAPAEventMap'.
src/agents/persona-markdown-parser.ts(97,13): error TS18048: 'identity' is possibly 'undefined'.
src/agents/persona-markdown-parser.ts(98,20): error TS18048: 'identity' is possibly 'undefined'.
src/agents/persona-toon-optimizer.ts(262,13): error TS2353: Object literal may only specify known properties, and '_format' does not exist in type 'any[]'.
src/core/optimizations/caching.ts(8,26): error TS7016: Could not find a declaration file for module 'lru-cache'. 'X:/Lapa/node_modules/lru-cache/index.js' implicitly has an 'any' type.
  Try `npm i --save-dev @types/lru-cache` if it exists or add a new declaration (.d.ts) file containing `declare module 'lru-cache';`
src/mcp/servers/agent-coordination-mcp-server.ts(66,35): error TS2345: Argument of type 'string' is not assignable to parameter of type 'ZodObject<{ method: ZodLiteral<string>; }, UnknownKeysParam, ZodTypeAny, { method: string; }, { method: string; }>'.
src/mcp/servers/agent-coordination-mcp-server.ts(67,19): error TS2339: Property 'params' does not exist on type '{ method: string; }'.
src/mcp/servers/agent-coordination-mcp-server.ts(68,51): error TS2339: Property 'params' does not exist on type '{ method: string; }'.
src/mcp/servers/agent-coordination-mcp-server.ts(70,19): error TS2339: Property 'params' does not exist on type '{ method: string; }'.
src/mcp/servers/agent-coordination-mcp-server.ts(71,50): error TS2339: Property 'params' does not exist on type '{ method: string; }'.
src/mcp/servers/agent-coordination-mcp-server.ts(73,19): error TS2339: Property 'params' does not exist on type '{ method: string; }'.
src/mcp/servers/agent-coordination-mcp-server.ts(74,56): error TS2339: Property 'params' does not exist on type '{ method: string; }'.
src/mcp/servers/agent-coordination-mcp-server.ts(76,19): error TS2339: Property 'params' does not exist on type '{ method: string; }'.
src/mcp/servers/agent-coordination-mcp-server.ts(77,50): error TS2339: Property 'params' does not exist on type '{ method: string; }'.
src/mcp/servers/agent-coordination-mcp-server.ts(79,19): error TS2339: Property 'params' does not exist on type '{ method: string; }'.
src/mcp/servers/agent-coordination-mcp-server.ts(80,50): error TS2339: Property 'params' does not exist on type '{ method: string; }'.
src/mcp/servers/agent-coordination-mcp-server.ts(82,19): error TS2339: Property 'params' does not exist on type '{ method: string; }'.
src/mcp/servers/agent-coordination-mcp-server.ts(83,54): error TS2339: Property 'params' does not exist on type '{ method: string; }'.
src/mcp/servers/agent-coordination-mcp-server.ts(85,48): error TS2339: Property 'params' does not exist on type '{ method: string; }'.
src/mcp/servers/agent-coordination-mcp-server.ts(89,35): error TS2345: Argument of type 'string' is not assignable to parameter of type 'ZodObject<{ method: ZodLiteral<string>; }, UnknownKeysParam, ZodTypeAny, { method: string; }, { method: string; }>'.
src/mcp/servers/agent-coordination-mcp-server.ts(191,35): error TS2339: Property 'handoffId' does not exist on type 'A2AHandshakeResponse'.
src/mcp/servers/code-analysis-mcp-server.ts(85,35): error TS2345: Argument of type 'string' is not assignable to parameter of type 'ZodObject<{ method: ZodLiteral<string>; }, UnknownKeysParam, ZodTypeAny, { method: string; }, { method: string; }>'.
src/mcp/servers/code-analysis-mcp-server.ts(86,19): error TS2339: Property 'params' does not exist on type '{ method: string; }'.
src/mcp/servers/code-analysis-mcp-server.ts(87,54): error TS2339: Property 'params' does not exist on type '{ method: string; }'.
src/mcp/servers/code-analysis-mcp-server.ts(89,19): error TS2339: Property 'params' does not exist on type '{ method: string; }'.
src/mcp/servers/code-analysis-mcp-server.ts(90,64): error TS2339: Property 'params' does not exist on type '{ method: string; }'.
src/mcp/servers/code-analysis-mcp-server.ts(92,19): error TS2339: Property 'params' does not exist on type '{ method: string; }'.
src/mcp/servers/code-analysis-mcp-server.ts(93,52): error TS2339: Property 'params' does not exist on type '{ method: string; }'.
src/mcp/servers/code-analysis-mcp-server.ts(95,19): error TS2339: Property 'params' does not exist on type '{ method: string; }'.
src/mcp/servers/code-analysis-mcp-server.ts(96,56): error TS2339: Property 'params' does not exist on type '{ method: string; }'.
src/mcp/servers/code-analysis-mcp-server.ts(98,19): error TS2339: Property 'params' does not exist on type '{ method: string; }'.
src/mcp/servers/code-analysis-mcp-server.ts(99,55): error TS2339: Property 'params' does not exist on type '{ method: string; }'.
src/mcp/servers/code-analysis-mcp-server.ts(101,19): error TS2339: Property 'params' does not exist on type '{ method: string; }'.
src/mcp/servers/code-analysis-mcp-server.ts(102,57): error TS2339: Property 'params' does not exist on type '{ method: string; }'.
src/mcp/servers/code-analysis-mcp-server.ts(104,48): error TS2339: Property 'params' does not exist on type '{ method: string; }'.
src/mcp/servers/code-analysis-mcp-server.ts(108,35): error TS2345: Argument of type 'string' is not assignable to parameter of type 'ZodObject<{ method: ZodLiteral<string>; }, UnknownKeysParam, ZodTypeAny, { method: string; }, { method: string; }>'.
src/mcp/servers/code-analysis-mcp-server.ts(198,9): error TS2820: Type '"code.quality"' is not assignable to type '"other" | "code-quality" | "hallucination" | "soc-violation" | "test-validity"'. Did you mean '"code-quality"'?
src/mcp/servers/code-analysis-mcp-server.ts(214,23): error TS18048: 'judgment.score' is possibly 'undefined'.
src/mcp/servers/code-analysis-mcp-server.ts(258,9): error TS2322: Type '"security"' is not assignable to type '"other" | "code-quality" | "hallucination" | "soc-violation" | "test-validity"'.
src/mcp/servers/code-analysis-mcp-server.ts(275,23): error TS18048: 'judgment.issues' is possibly 'undefined'.
src/mcp/servers/code-analysis-mcp-server.ts(312,9): error TS2322: Type '"code.smells"' is not assignable to type '"other" | "code-quality" | "hallucination" | "soc-violation" | "test-validity"'.
src/mcp/servers/code-analysis-mcp-server.ts(328,27): error TS18048: 'judgment.issues' is possibly 'undefined'.
src/mcp/servers/code-analysis-mcp-server.ts(369,9): error TS2322: Type '"code.patterns"' is not assignable to type '"other" | "code-quality" | "hallucination" | "soc-violation" | "test-validity"'.
src/mcp/servers/code-analysis-mcp-server.ts(387,26): error TS18048: 'judgment.score' is possibly 'undefined'.
src/mcp/servers/code-analysis-mcp-server.ts(483,11): error TS2820: Type '"code.quality"' is not assignable to type '"other" | "code-quality" | "hallucination" | "soc-violation" | "test-validity"'. Did you mean '"code-quality"'?
src/mcp/servers/code-analysis-mcp-server.ts(512,19): error TS18048: 'qualityJudgment.score' is possibly 'undefined'.
src/mcp/servers/code-analysis-mcp-server.ts(526,19): error TS18048: 'qualityJudgment.score' is possibly 'undefined'.
src/mcp/servers/code-analysis-mcp-server.ts(529,19): error TS18048: 'qualityJudgment.score' is possibly 'undefined'.
src/mcp/servers/index.ts(14,98): error TS2307: Cannot find module '../sandbox/e2b-mcp.ts' or its corresponding type declarations.
src/mcp/servers/memory-mcp-server.ts(71,35): error TS2345: Argument of type 'string' is not assignable to parameter of type 'ZodObject<{ method: ZodLiteral<string>; }, UnknownKeysParam, ZodTypeAny, { method: string; }, { method: string; }>'.
src/mcp/servers/memory-mcp-server.ts(72,19): error TS2339: Property 'params' does not exist on type '{ method: string; }'.
src/mcp/servers/memory-mcp-server.ts(73,46): error TS2339: Property 'params' does not exist on type '{ method: string; }'.
src/mcp/servers/memory-mcp-server.ts(75,19): error TS2339: Property 'params' does not exist on type '{ method: string; }'.
src/mcp/servers/memory-mcp-server.ts(76,55): error TS2339: Property 'params' does not exist on type '{ method: string; }'.
src/mcp/servers/memory-mcp-server.ts(78,19): error TS2339: Property 'params' does not exist on type '{ method: string; }'.
src/mcp/servers/memory-mcp-server.ts(79,47): error TS2339: Property 'params' does not exist on type '{ method: string; }'.
src/mcp/servers/memory-mcp-server.ts(81,19): error TS2339: Property 'params' does not exist on type '{ method: string; }'.
src/mcp/servers/memory-mcp-server.ts(82,50): error TS2339: Property 'params' does not exist on type '{ method: string; }'.
src/mcp/servers/memory-mcp-server.ts(84,19): error TS2339: Property 'params' does not exist on type '{ method: string; }'.
src/mcp/servers/memory-mcp-server.ts(85,56): error TS2339: Property 'params' does not exist on type '{ method: string; }'.
src/mcp/servers/memory-mcp-server.ts(87,19): error TS2339: Property 'params' does not exist on type '{ method: string; }'.
src/mcp/servers/memory-mcp-server.ts(88,48): error TS2339: Property 'params' does not exist on type '{ method: string; }'.
src/mcp/servers/memory-mcp-server.ts(90,48): error TS2339: Property 'params' does not exist on type '{ method: string; }'.
src/mcp/servers/memory-mcp-server.ts(94,35): error TS2345: Argument of type 'string' is not assignable to parameter of type 'ZodObject<{ method: ZodLiteral<string>; }, UnknownKeysParam, ZodTypeAny, { method: string; }, { method: string; }>'.
src/orchestrator/__tests__/git-commit-generator.test.ts(50,11): error TS2739: Type '{ taskId: string; agentId: string; parameters: {}; }' is missing the following properties from type 'AgentToolExecutionContext': toolName, context
src/orchestrator/__tests__/git-commit-generator.test.ts(94,21): error TS2339: Property 'data' does not exist on type 'AgentToolExecutionResult'.
src/orchestrator/__tests__/git-commit-generator.test.ts(95,21): error TS2339: Property 'data' does not exist on type 'AgentToolExecutionResult'.
src/orchestrator/__tests__/git-commit-generator.test.ts(96,21): error TS2339: Property 'data' does not exist on type 'AgentToolExecutionResult'.
src/orchestrator/__tests__/git-commit-generator.test.ts(97,21): error TS2339: Property 'data' does not exist on type 'AgentToolExecutionResult'.
src/orchestrator/__tests__/git-commit-generator.test.ts(133,21): error TS2339: Property 'data' does not exist on type 'AgentToolExecutionResult'.
src/orchestrator/__tests__/git-commit-generator.test.ts(134,21): error TS2339: Property 'data' does not exist on type 'AgentToolExecutionResult'.
src/orchestrator/__tests__/git-commit-generator.test.ts(159,21): error TS2339: Property 'data' does not exist on type 'AgentToolExecutionResult'.
src/orchestrator/__tests__/git-commit-generator.test.ts(160,21): error TS2339: Property 'data' does not exist on type 'AgentToolExecutionResult'.
src/orchestrator/__tests__/git-commit-generator.test.ts(185,21): error TS2339: Property 'data' does not exist on type 'AgentToolExecutionResult'.
src/orchestrator/git-commit-generator.ts(74,7): error TS2345: Argument of type '"utility"' is not assignable to parameter of type 'AgentToolType'.
src/orchestrator/git-commit-generator.ts(133,9): error TS2353: Object literal may only specify known properties, and 'data' does not exist in type 'AgentToolExecutionResult'.
src/orchestrator/git-commit-generator.ts(523,9): error TS2739: Type '{ taskId: string; agentId: string; parameters: CommitMessageOptions; }' is missing the following properties from type 'AgentToolExecutionContext': toolName, context
src/orchestrator/git-commit-generator.ts(535,17): error TS2339: Property 'data' does not exist on type 'AgentToolExecutionResult'.
src/orchestrator/handoffs.ts(739,33): error TS2304: Cannot find name 'initialContext'.
src/orchestrator/persona-evolver.ts(113,24): error TS2345: Argument of type '"agent.performance.update"' is not assignable to parameter of type 'keyof LAPAEventMap'.
src/orchestrator/persona-evolver.ts(175,27): error TS2488: Type 'Promise<any[] | Persona[]>' must have a '[Symbol.iterator]()' method that returns an iterator.
src/orchestrator/persona-evolver.ts(180,58): error TS2339: Property 'length' does not exist on type 'Promise<any[] | Persona[]>'.
src/orchestrator/persona-evolver.ts(419,11): error TS2345: Argument of type 'Promise<any>' is not assignable to parameter of type 'Persona'.
  Type 'Promise<any>' is missing the following properties from type 'Persona': id, name, personality, communicationStyle, and 4 more.
src/orchestrator/persona-evolver.ts(456,5): error TS2741: Property 'documented' is missing in type '{ personaId: string; version: string; evolutionType: "research" | "optimization" | "performance" | "architectural"; changes: PersonaChange[]; improvementScore: number; adopted: false; }' but required in type 'PersonaEvolution'.
src/orchestrator/persona-evolver.ts(481,57): error TS2345: Argument of type 'Promise<any>' is not assignable to parameter of type 'Persona'.
  Type 'Promise<any>' is missing the following properties from type 'Persona': id, name, personality, communicationStyle, and 4 more.
src/orchestrator/persona-evolver.ts(492,38): error TS2345: Argument of type 'Partial<Persona>' is not assignable to parameter of type 'Persona'.
  Types of property 'id' are incompatible.
    Type 'string | undefined' is not assignable to type 'string'.
      Type 'undefined' is not assignable to type 'string'.
src/premium/blob.storage.ts(10,26): error TS7016: Could not find a declaration file for module 'lru-cache'. 'X:/Lapa/node_modules/lru-cache/index.js' implicitly has an 'any' type.
  Try `npm i --save-dev @types/lru-cache` if it exists or add a new declaration (.d.ts) file containing `declare module 'lru-cache';`
src/rag/refrag.ts(198,23): error TS2341: Property 'isInitialized' is private and only accessible within class 'ChromaRefine'.
src/rag/refrag.ts(298,42): error TS2341: Property 'generateEmbedding' is private and only accessible within class 'ChromaRefine'.
src/rag/refrag.ts(305,40): error TS2341: Property 'generateEmbedding' is private and only accessible within class 'ChromaRefine'.
src/rag/refrag.ts(332,47): error TS2341: Property 'generateEmbedding' is private and only accessible within class 'ChromaRefine'.
src/swarm/session-persistence.ts(19,10): error TS2305: Module '"../local/episodic.js"' has no exported member 'EpisodicMemory'.
src/swarm/session-persistence.ts(180,24): error TS2345: Argument of type '"swarm.session.updated"' is not assignable to parameter of type 'keyof LAPAEventMap'.
src/swarm/session-persistence.ts(188,49): error TS2339: Property 'sessionId' does not exist on type '{ taskId: string; result: any; duration: number; }'.
src/swarm/session-persistence.ts(189,46): error TS2339: Property 'sessionId' does not exist on type '{ taskId: string; result: any; duration: number; }'.
src/swarm/session-persistence.ts(194,24): error TS2345: Argument of type '"agent.handoff"' is not assignable to parameter of type 'keyof LAPAEventMap'.
src/swarm/session-persistence.ts(433,37): error TS2339: Property 'store' does not exist on type 'MemoriEngine'.
